first loop:
0
second loop:
2
third loop:
4
third loop:
5
second loop:
3
third loop:
4
third loop:
5
first loop:
1
second loop:
2
third loop:
4
third loop:
5
second loop:
3
third loop:
4
third loop:
5
count:
14
